// Jest Snapshot v1, https://goo.gl/fbAQLP

exports[`Tujuan Program render tujuan program component correctly 1`] = `
{
  "asFragment": [Function],
  "baseElement": <body>
    <div>
      <div
        class="flex flex-col gap-4 rounded-2xl border border-[#EAECF0] bg-white px-4 py-6 undefined"
      >
        <img
          alt="kartu-kip"
          src="/img/kartu-kip.png"
        />
        <p
          class="text-sm font-normal text-[#1f1f1f] text-justify"
        >
          Program Indonesia Pintar (PIP) dirancang untuk memastikan anak-anak usia sekolah dari keluarga miskin, rentan miskin, atau prioritas tetap mendapatkan akses pendidikan hingga tamat pendidikan menengah. Program ini mencakup jalur formal (SD hingga SMA/SMK) dan jalur non-formal (paket A hingga paket C), serta pendidikan khusus.
        </p>
      </div>
      <div
        class="flex flex-col gap-4 rounded-2xl border border-[#EAECF0] bg-white px-4 py-6 undefined"
      >
        <p
          class="font-semibold text-[#1f1f1f] undefined"
        >
          Tujuan Program Indonesia Pintar
        </p>
        <ul
          class="flex list-disc flex-col gap-2 pl-4"
        >
          <li
            class="pl-2 text-sm font-normal text-[#1f1f1f]"
          >
            <span
              class="font-semibold"
            >
              Mencegah Putus Sekolah:
            </span>
             Program ini bertujuan untuk mencegah siswa dari kemungkinan putus sekolah.
          </li>
          <li
            class="pl-2 text-sm font-normal text-[#1f1f1f]"
          >
            <span
              class="font-semibold"
            >
              Mengajak Kembali Siswa:
            </span>
             
            Diharapkan, siswa yang telah putus sekolah bisa kembali melanjutkan pendidikannya melalui PIP.
          </li>
          <li
            class="pl-2 text-sm font-normal text-[#1f1f1f]"
          >
            <span
              class="font-semibold"
            >
              Meringankan Biaya Pendidikan:
            </span>
             
            PIP diharapkan dapat meringankan beban biaya pendidikan peserta didik, baik biaya langsung maupun tidak langsung.
          </li>
        </ul>
      </div>
      <div
        class="flex flex-col gap-4 rounded-2xl border border-[#EAECF0] bg-white px-4 py-6 undefined"
      >
        <p
          class="font-semibold text-[#1f1f1f] undefined"
        >
          Manfaat Program Indonesia Pintar
        </p>
        <ul
          class="flex list-disc flex-col gap-2 pl-4"
        >
          <li
            class="pl-2 text-sm font-normal text-[#1f1f1f]"
          >
            <span
              class="font-semibold"
            >
              Akses Pendidikan yang Merata:
            </span>
             
            Semua anak dari keluarga rentan dapat terus mengenyam pendidikan hingga tingkat menengah.
          </li>
          <li
            class="pl-2 text-sm font-normal text-[#1f1f1f]"
          >
            <span
              class="font-semibold"
            >
              Dukungan Finansial:
            </span>
             Program ini memberikan bantuan untuk mengurangi beban biaya yang harus ditanggung oleh keluarga peserta didik.
          </li>
          <li
            class="pl-2 text-sm font-normal text-[#1f1f1f]"
          >
            <span
              class="font-semibold"
            >
              Peningkatan Kesempatan:
            </span>
             Dengan adanya PIP, kesempatan bagi anak-anak untuk memperoleh pendidikan yang layak semakin terbuka luas.
          </li>
        </ul>
      </div>
      <button
        class="relative flex items-center justify-between overflow-hidden rounded-xl bg-[#AF2A2D] px-4 py-3"
        type="button"
      >
        <img
          alt="vector-1"
          class="absolute right-0 top-13 w-[100px] rounded-br-xl"
          src="/decorations/vector-button-1.png"
        />
        <img
          alt="vector-2"
          class="absolute bottom-[27px] right-[35px] w-[100px] rounded-br-xl"
          src="/decorations/vector-button-2.png"
        />
        <img
          alt="vector-3"
          class="absolute left-[0px] top-[28px] w-[100px] rounded-bl-xl"
          src="/decorations/vector-button-3.png"
        />
        <div
          class="z-10 w-full text-start"
        >
          <p
            class="text-xs font-normal leading-5 text-white"
          >
            Baca Juga
          </p>
          <p
            class="text-sm font-bold leading-5 text-white"
          >
            Kategori Penerima PIP
          </p>
        </div>
        <svg
          class="tabler-icon tabler-icon-chevron-right "
          fill="none"
          height="24"
          stroke="#ffffff"
          stroke-linecap="round"
          stroke-linejoin="round"
          stroke-width="2"
          viewBox="0 0 24 24"
          width="24"
          xmlns="http://www.w3.org/2000/svg"
        >
          <path
            d="M9 6l6 6l-6 6"
          />
        </svg>
      </button>
    </div>
  </body>,
  "container": <div>
    <div
      class="flex flex-col gap-4 rounded-2xl border border-[#EAECF0] bg-white px-4 py-6 undefined"
    >
      <img
        alt="kartu-kip"
        src="/img/kartu-kip.png"
      />
      <p
        class="text-sm font-normal text-[#1f1f1f] text-justify"
      >
        Program Indonesia Pintar (PIP) dirancang untuk memastikan anak-anak usia sekolah dari keluarga miskin, rentan miskin, atau prioritas tetap mendapatkan akses pendidikan hingga tamat pendidikan menengah. Program ini mencakup jalur formal (SD hingga SMA/SMK) dan jalur non-formal (paket A hingga paket C), serta pendidikan khusus.
      </p>
    </div>
    <div
      class="flex flex-col gap-4 rounded-2xl border border-[#EAECF0] bg-white px-4 py-6 undefined"
    >
      <p
        class="font-semibold text-[#1f1f1f] undefined"
      >
        Tujuan Program Indonesia Pintar
      </p>
      <ul
        class="flex list-disc flex-col gap-2 pl-4"
      >
        <li
          class="pl-2 text-sm font-normal text-[#1f1f1f]"
        >
          <span
            class="font-semibold"
          >
            Mencegah Putus Sekolah:
          </span>
           Program ini bertujuan untuk mencegah siswa dari kemungkinan putus sekolah.
        </li>
        <li
          class="pl-2 text-sm font-normal text-[#1f1f1f]"
        >
          <span
            class="font-semibold"
          >
            Mengajak Kembali Siswa:
          </span>
           
          Diharapkan, siswa yang telah putus sekolah bisa kembali melanjutkan pendidikannya melalui PIP.
        </li>
        <li
          class="pl-2 text-sm font-normal text-[#1f1f1f]"
        >
          <span
            class="font-semibold"
          >
            Meringankan Biaya Pendidikan:
          </span>
           
          PIP diharapkan dapat meringankan beban biaya pendidikan peserta didik, baik biaya langsung maupun tidak langsung.
        </li>
      </ul>
    </div>
    <div
      class="flex flex-col gap-4 rounded-2xl border border-[#EAECF0] bg-white px-4 py-6 undefined"
    >
      <p
        class="font-semibold text-[#1f1f1f] undefined"
      >
        Manfaat Program Indonesia Pintar
      </p>
      <ul
        class="flex list-disc flex-col gap-2 pl-4"
      >
        <li
          class="pl-2 text-sm font-normal text-[#1f1f1f]"
        >
          <span
            class="font-semibold"
          >
            Akses Pendidikan yang Merata:
          </span>
           
          Semua anak dari keluarga rentan dapat terus mengenyam pendidikan hingga tingkat menengah.
        </li>
        <li
          class="pl-2 text-sm font-normal text-[#1f1f1f]"
        >
          <span
            class="font-semibold"
          >
            Dukungan Finansial:
          </span>
           Program ini memberikan bantuan untuk mengurangi beban biaya yang harus ditanggung oleh keluarga peserta didik.
        </li>
        <li
          class="pl-2 text-sm font-normal text-[#1f1f1f]"
        >
          <span
            class="font-semibold"
          >
            Peningkatan Kesempatan:
          </span>
           Dengan adanya PIP, kesempatan bagi anak-anak untuk memperoleh pendidikan yang layak semakin terbuka luas.
        </li>
      </ul>
    </div>
    <button
      class="relative flex items-center justify-between overflow-hidden rounded-xl bg-[#AF2A2D] px-4 py-3"
      type="button"
    >
      <img
        alt="vector-1"
        class="absolute right-0 top-13 w-[100px] rounded-br-xl"
        src="/decorations/vector-button-1.png"
      />
      <img
        alt="vector-2"
        class="absolute bottom-[27px] right-[35px] w-[100px] rounded-br-xl"
        src="/decorations/vector-button-2.png"
      />
      <img
        alt="vector-3"
        class="absolute left-[0px] top-[28px] w-[100px] rounded-bl-xl"
        src="/decorations/vector-button-3.png"
      />
      <div
        class="z-10 w-full text-start"
      >
        <p
          class="text-xs font-normal leading-5 text-white"
        >
          Baca Juga
        </p>
        <p
          class="text-sm font-bold leading-5 text-white"
        >
          Kategori Penerima PIP
        </p>
      </div>
      <svg
        class="tabler-icon tabler-icon-chevron-right "
        fill="none"
        height="24"
        stroke="#ffffff"
        stroke-linecap="round"
        stroke-linejoin="round"
        stroke-width="2"
        viewBox="0 0 24 24"
        width="24"
        xmlns="http://www.w3.org/2000/svg"
      >
        <path
          d="M9 6l6 6l-6 6"
        />
      </svg>
    </button>
  </div>,
  "debug": [Function],
  "findAllByAltText": [Function],
  "findAllByDisplayValue": [Function],
  "findAllByLabelText": [Function],
  "findAllByPlaceholderText": [Function],
  "findAllByRole": [Function],
  "findAllByTestId": [Function],
  "findAllByText": [Function],
  "findAllByTitle": [Function],
  "findByAltText": [Function],
  "findByDisplayValue": [Function],
  "findByLabelText": [Function],
  "findByPlaceholderText": [Function],
  "findByRole": [Function],
  "findByTestId": [Function],
  "findByText": [Function],
  "findByTitle": [Function],
  "getAllByAltText": [Function],
  "getAllByDisplayValue": [Function],
  "getAllByLabelText": [Function],
  "getAllByPlaceholderText": [Function],
  "getAllByRole": [Function],
  "getAllByTestId": [Function],
  "getAllByText": [Function],
  "getAllByTitle": [Function],
  "getByAltText": [Function],
  "getByDisplayValue": [Function],
  "getByLabelText": [Function],
  "getByPlaceholderText": [Function],
  "getByRole": [Function],
  "getByTestId": [Function],
  "getByText": [Function],
  "getByTitle": [Function],
  "queryAllByAltText": [Function],
  "queryAllByDisplayValue": [Function],
  "queryAllByLabelText": [Function],
  "queryAllByPlaceholderText": [Function],
  "queryAllByRole": [Function],
  "queryAllByTestId": [Function],
  "queryAllByText": [Function],
  "queryAllByTitle": [Function],
  "queryByAltText": [Function],
  "queryByDisplayValue": [Function],
  "queryByLabelText": [Function],
  "queryByPlaceholderText": [Function],
  "queryByRole": [Function],
  "queryByTestId": [Function],
  "queryByText": [Function],
  "queryByTitle": [Function],
  "rerender": [Function],
  "unmount": [Function],
}
`;
